// Vitest Snapshot v1, https://vitest.dev/guide/snapshot.html

exports[`Tabs > Default tablist render 1`] = `
<div
  class=""
  data-testid="tab-list"
>
  <ul
    class="-mb-px flex flex-wrap items-center justify-center gap-1"
    role="tablist"
  />
</div>
`;

exports[`Tabs > TabPanel render 1`] = `
<div
  aria-labelledby="10-tab"
  data-testid="tab-panel"
  id="10-tabitem"
  role="tabpanel"
/>
`;

exports[`Tabs > tab Render 1`] = `
<li
  class="mr-2"
  data-testid="tab"
  role="presentation"
>
  <button
    class=""
    id="tab_test-tabhead"
    role="tab"
    type="button"
  />
</li>
`;
